// Jest Snapshot v1, https://goo.gl/fbAQLP

exports[`renders AgeStep component correctly 1`] = `
<div>
  <div
    class="flex flex-col gap-4 w-full"
  >
    <div
      class="flex flex-col gap-2 items-start"
    >
      <label
        for="age"
      >
        Age:
      </label>
      <input
        class="input input-primary w-full max-w-xs"
        id="age"
        name="age"
        type="number"
        value="1"
      />
    </div>
    <button
      class="rounded-full border border-solid border-transparent bg-foreground text-background gap-2 hover:bg-[#28a745] font-medium text-sm sm:text-base h-10 sm:h-12 px-4 sm:px-5 sm:w-auto"
      type="button"
    >
      Back
    </button>
    <button
      class="rounded-full border border-solid border-transparent bg-foreground text-background gap-2 hover:bg-[#28a745] font-medium text-sm sm:text-base h-10 sm:h-12 px-4 sm:px-5 sm:w-auto"
      type="button"
    >
      Buy Now
    </button>
  </div>
</div>
`;
