// Jest Snapshot v1, https://goo.gl/fbAQLP

exports[`renders PetInsuranceForm component correctly 1`] = `
<div>
  <div
    class="flex flex-col gap-4 w-full"
  >
    <div
      class="flex flex-col gap-2 items-start"
    >
      <label
        for="email"
      >
        Email:
      </label>
      <input
        class="input input-primary w-full max-w-xs"
        id="email"
        name="email"
        type="email"
        value=""
      />
    </div>
    <button
      class="rounded-full border border-solid border-transparent bg-foreground text-background gap-2 hover:bg-[#28a745] font-medium text-sm sm:text-base h-10 sm:h-12 px-4 sm:px-5 sm:w-auto"
      type="button"
    >
      Next
    </button>
  </div>
</div>
`;
