// Jest Snapshot v1, https://goo.gl/fbAQLP

exports[`renders Home page correctly 1`] = `
<div>
  <main
    class="flex min-h-screen flex-col items-center justify-between p-4"
  >
    <div
      class="flex gap-8"
    >
      <div
        class="flex flex-col gap-4 m-[10px]"
      >
        <p>
          Car Insurance
        </p>
        <a
          class="rounded-full border border-solid border-transparent transition-colors flex items-center justify-center bg-foreground text-background gap-2 hover:bg-[#28a745] font-medium text-sm sm:text-base h-10 sm:h-12 px-4 sm:px-5 sm:w-auto"
          href="/insurance/car_insurance"
          id="car_ins"
        >
          Get a quote
        </a>
      </div>
      <div
        class="flex flex-col gap-4 m-[10px]"
      >
        <p>
          Pet Insurance
        </p>
        <a
          class="rounded-full border border-solid border-transparent transition-colors flex items-center justify-center bg-foreground text-background gap-2 hover:bg-[#28a745] font-medium text-sm sm:text-base h-10 sm:h-12 px-4 sm:px-5 sm:w-auto"
          href="/insurance/pet_insurance"
          id="pet_ins"
        >
          Get a quote
        </a>
      </div>
    </div>
  </main>
</div>
`;
